
Running 1 test using 1 worker

  Γ£ÿ  1 [correspondant] ΓÇ║ tests\correspondant\reg_bid-maps\reg_ts32_tc02_verify-the-advance-search-functionality-where-the-user-should-be-a-833.spec.ts:35:7 ΓÇ║ REG_Bid Maps ΓÇ║ REG_TS32_TC02_Verify the advance search functionality, where the user should be able to perform search action based on the rules and actions. (2.1m)


  1) [correspondant] ΓÇ║ tests\correspondant\reg_bid-maps\reg_ts32_tc02_verify-the-advance-search-functionality-where-the-user-should-be-a-833.spec.ts:35:7 ΓÇ║ REG_Bid Maps ΓÇ║ REG_TS32_TC02_Verify the advance search functionality, where the user should be able to perform search action based on the rules and actions. 

    [31mTest timeout of 120000ms exceeded.[39m

    Error: locator.selectOption: Test timeout of 120000ms exceeded.
    Call log:
    [2m  - waiting for locator('//label[text()="If Bid Field"]/../..//select/ancestor::div//*[@aria-label="Bid Map Field"]//select')[22m
    [2m    - locator resolved to <select _ngcontent-ng-c3270066961="" aria-label="Dropdown selection" class="form-select ng-untouched ng-pristine ng-valid">ΓÇª</select>[22m
    [2m  - attempting select option action[22m
    [2m    2 ├ù waiting for element to be visible and enabled[22m
    [2m      - option being selected is not enabled[22m
    [2m    - retrying select option action[22m
    [2m    - waiting 20ms[22m
    [2m    2 ├ù waiting for element to be visible and enabled[22m
    [2m      - option being selected is not enabled[22m
    [2m    - retrying select option action[22m
    [2m      - waiting 100ms[22m
    [2m    188 ├ù waiting for element to be visible and enabled[22m
    [2m        - option being selected is not enabled[22m
    [2m      - retrying select option action[22m
    [2m        - waiting 500ms[22m


      142 |     await correspondentPortalPage.Try_Advanced_Search_and_Filter_option_Button.click();
      143 |     await expect(correspondentPortalPage.Advanced_SearchFilter).toBeVisible();
    > 144 |     await bidmapDashboardPage.IF_Bid_Field_Dropdownnew.selectOption({ label: profile["Advanced Search"] });
          |                                                        ^
      145 |     await advanceSearchPage.Chase_Value_Input_box.fill(Array.from({length: 5}, () => "ab".charAt(Math.floor(Math.random() * 2))).join(''));
      146 |     await advanceSearchPage.IF_Chase_Field.selectOption({ label: profile["Advanced Search"] });
      147 |     await correspondentPortalPage.Chase_Field_Value_Input_Box.fill(Array.from({length: 5}, () => "ab".charAt(Math.floor(Math.random() * 2))).join(''));
        at C:\Users\Madhuri\Documents\LenderPriceCorrespondent-C2\playwright-corr-web\tests\correspondant\reg_bid-maps\reg_ts32_tc02_verify-the-advance-search-functionality-where-the-user-should-be-a-833.spec.ts:144:56

    attachment #1: screenshot (image/png) ΓöÇΓöÇΓöÇΓöÇΓöÇΓöÇΓöÇΓöÇΓöÇΓöÇΓöÇΓöÇΓöÇΓöÇΓöÇΓöÇΓöÇΓöÇΓöÇΓöÇΓöÇΓöÇΓöÇΓöÇΓöÇΓöÇΓöÇΓöÇΓöÇΓöÇΓöÇΓöÇΓöÇΓöÇΓöÇΓöÇΓöÇΓöÇΓöÇΓöÇΓöÇΓöÇΓöÇΓöÇΓöÇΓöÇΓöÇΓöÇΓöÇΓöÇΓöÇΓöÇΓöÇΓöÇΓöÇΓöÇΓöÇΓöÇ
    test-results\reg_bid-maps-reg_ts32_tc02-92495-d-on-the-rules-and-actions--correspondant\test-failed-1.png
    ΓöÇΓöÇΓöÇΓöÇΓöÇΓöÇΓöÇΓöÇΓöÇΓöÇΓöÇΓöÇΓöÇΓöÇΓöÇΓöÇΓöÇΓöÇΓöÇΓöÇΓöÇΓöÇΓöÇΓöÇΓöÇΓöÇΓöÇΓöÇΓöÇΓöÇΓöÇΓöÇΓöÇΓöÇΓöÇΓöÇΓöÇΓöÇΓöÇΓöÇΓöÇΓöÇΓöÇΓöÇΓöÇΓöÇΓöÇΓöÇΓöÇΓöÇΓöÇΓöÇΓöÇΓöÇΓöÇΓöÇΓöÇΓöÇΓöÇΓöÇΓöÇΓöÇΓöÇΓöÇΓöÇΓöÇΓöÇΓöÇΓöÇΓöÇΓöÇΓöÇΓöÇΓöÇΓöÇΓöÇΓöÇΓöÇΓöÇΓöÇΓöÇΓöÇΓöÇΓöÇΓöÇΓöÇΓöÇΓöÇΓöÇΓöÇΓöÇΓöÇΓöÇΓöÇΓöÇΓöÇ

    attachment #2: video (video/webm) ΓöÇΓöÇΓöÇΓöÇΓöÇΓöÇΓöÇΓöÇΓöÇΓöÇΓöÇΓöÇΓöÇΓöÇΓöÇΓöÇΓöÇΓöÇΓöÇΓöÇΓöÇΓöÇΓöÇΓöÇΓöÇΓöÇΓöÇΓöÇΓöÇΓöÇΓöÇΓöÇΓöÇΓöÇΓöÇΓöÇΓöÇΓöÇΓöÇΓöÇΓöÇΓöÇΓöÇΓöÇΓöÇΓöÇΓöÇΓöÇΓöÇΓöÇΓöÇΓöÇΓöÇΓöÇΓöÇΓöÇΓöÇΓöÇΓöÇΓöÇΓöÇΓöÇ
    test-results\reg_bid-maps-reg_ts32_tc02-92495-d-on-the-rules-and-actions--correspondant\video.webm
    ΓöÇΓöÇΓöÇΓöÇΓöÇΓöÇΓöÇΓöÇΓöÇΓöÇΓöÇΓöÇΓöÇΓöÇΓöÇΓöÇΓöÇΓöÇΓöÇΓöÇΓöÇΓöÇΓöÇΓöÇΓöÇΓöÇΓöÇΓöÇΓöÇΓöÇΓöÇΓöÇΓöÇΓöÇΓöÇΓöÇΓöÇΓöÇΓöÇΓöÇΓöÇΓöÇΓöÇΓöÇΓöÇΓöÇΓöÇΓöÇΓöÇΓöÇΓöÇΓöÇΓöÇΓöÇΓöÇΓöÇΓöÇΓöÇΓöÇΓöÇΓöÇΓöÇΓöÇΓöÇΓöÇΓöÇΓöÇΓöÇΓöÇΓöÇΓöÇΓöÇΓöÇΓöÇΓöÇΓöÇΓöÇΓöÇΓöÇΓöÇΓöÇΓöÇΓöÇΓöÇΓöÇΓöÇΓöÇΓöÇΓöÇΓöÇΓöÇΓöÇΓöÇΓöÇΓöÇΓöÇ

    Error Context: test-results\reg_bid-maps-reg_ts32_tc02-92495-d-on-the-rules-and-actions--correspondant\error-context.md

    attachment #4: trace (application/zip) ΓöÇΓöÇΓöÇΓöÇΓöÇΓöÇΓöÇΓöÇΓöÇΓöÇΓöÇΓöÇΓöÇΓöÇΓöÇΓöÇΓöÇΓöÇΓöÇΓöÇΓöÇΓöÇΓöÇΓöÇΓöÇΓöÇΓöÇΓöÇΓöÇΓöÇΓöÇΓöÇΓöÇΓöÇΓöÇΓöÇΓöÇΓöÇΓöÇΓöÇΓöÇΓöÇΓöÇΓöÇΓöÇΓöÇΓöÇΓöÇΓöÇΓöÇΓöÇΓöÇΓöÇΓöÇΓöÇΓöÇΓöÇ
    test-results\reg_bid-maps-reg_ts32_tc02-92495-d-on-the-rules-and-actions--correspondant\trace.zip
    Usage:

        npx playwright show-trace test-results\reg_bid-maps-reg_ts32_tc02-92495-d-on-the-rules-and-actions--correspondant\trace.zip

    ΓöÇΓöÇΓöÇΓöÇΓöÇΓöÇΓöÇΓöÇΓöÇΓöÇΓöÇΓöÇΓöÇΓöÇΓöÇΓöÇΓöÇΓöÇΓöÇΓöÇΓöÇΓöÇΓöÇΓöÇΓöÇΓöÇΓöÇΓöÇΓöÇΓöÇΓöÇΓöÇΓöÇΓöÇΓöÇΓöÇΓöÇΓöÇΓöÇΓöÇΓöÇΓöÇΓöÇΓöÇΓöÇΓöÇΓöÇΓöÇΓöÇΓöÇΓöÇΓöÇΓöÇΓöÇΓöÇΓöÇΓöÇΓöÇΓöÇΓöÇΓöÇΓöÇΓöÇΓöÇΓöÇΓöÇΓöÇΓöÇΓöÇΓöÇΓöÇΓöÇΓöÇΓöÇΓöÇΓöÇΓöÇΓöÇΓöÇΓöÇΓöÇΓöÇΓöÇΓöÇΓöÇΓöÇΓöÇΓöÇΓöÇΓöÇΓöÇΓöÇΓöÇΓöÇΓöÇΓöÇ

  1 failed
    [correspondant] ΓÇ║ tests\correspondant\reg_bid-maps\reg_ts32_tc02_verify-the-advance-search-functionality-where-the-user-should-be-a-833.spec.ts:35:7 ΓÇ║ REG_Bid Maps ΓÇ║ REG_TS32_TC02_Verify the advance search functionality, where the user should be able to perform search action based on the rules and actions. 

To open last HTML report run:
[36m[39m
[36m  npx playwright show-report[39m
[36m[39m
